  Ecliptix.Protobufs -> /Users/oleksandrmelnychenko/RiderProjects/ecliptix-desktop/Ecliptix.Protobufs/bin/Debug/net9.0/Ecliptix.Protobufs.dll
  Ecliptix.Utilities -> /Users/oleksandrmelnychenko/RiderProjects/ecliptix-desktop/Ecliptix.Utilities/bin/Debug/net9.0/Ecliptix.Utilities.dll
  Ecliptix.Opaque.Protocol -> /Users/oleksandrmelnychenko/RiderProjects/ecliptix-desktop/Ecliptix.Opaque.Protocol/bin/Debug/net9.0/Ecliptix.Opaque.Protocol.dll
  Ecliptix.Protocol.System -> /Users/oleksandrmelnychenko/RiderProjects/ecliptix-desktop/Ecliptix.Protocol.System/bin/Debug/net9.0/Ecliptix.Protocol.System.dll
  Ecliptix.Security.Certificate.Pinning -> /Users/oleksandrmelnychenko/RiderProjects/ecliptix-desktop/Ecliptix.Security.Certificate.Pinning/bin/Debug/net9.0/Ecliptix.Security.Certificate.Pinning.dll
/Users/oleksandrmelnychenko/RiderProjects/ecliptix-desktop/Ecliptix.Core/Ecliptix.Core/Controls/Core/SegmentedTextBox.axaml.cs(395,43): warning CS0618: 'IClipboard.GetTextAsync()' is obsolete: 'Use ClipboardExtensions.TryGetTextAsync instead' [/Users/oleksandrmelnychenko/RiderProjects/ecliptix-desktop/Ecliptix.Core/Ecliptix.Core/Ecliptix.Core.csproj]
  Ecliptix.Core -> /Users/oleksandrmelnychenko/RiderProjects/ecliptix-desktop/Ecliptix.Core/Ecliptix.Core/bin/Debug/net9.0/Ecliptix.Core.dll
  Ecliptix.Core.Desktop -> /Users/oleksandrmelnychenko/RiderProjects/ecliptix-desktop/Ecliptix.Core/Ecliptix.Core.Desktop/bin/Debug/net9.0/osx-arm64/Ecliptix.dll

Build succeeded.

/Users/oleksandrmelnychenko/RiderProjects/ecliptix-desktop/Ecliptix.Core/Ecliptix.Core/Controls/Core/SegmentedTextBox.axaml.cs(395,43): warning CS0618: 'IClipboard.GetTextAsync()' is obsolete: 'Use ClipboardExtensions.TryGetTextAsync instead' [/Users/oleksandrmelnychenko/RiderProjects/ecliptix-desktop/Ecliptix.Core/Ecliptix.Core/Ecliptix.Core.csproj]
    1 Warning(s)
    0 Error(s)

Time Elapsed 00:00:15.17
